python3 multi_GeoFence.py
Connecting to Drone 1 on udpin:localhost:14551...
[Drone 1] Setting GUIDED mode...
[Drone 1] Arming motors...
[Drone 1] Taking off to 5m...
Connecting to Drone 2 on udpin:localhost:14561...
[Drone 2] Setting GUIDED mode...
[Drone 2] Arming motors...
[Drone 2] Taking off to 5m...
Connecting to Drone 3 on udpin:localhost:14571...
[Drone 3] Setting GUIDED mode...
[Drone 3] Arming motors...
[Drone 3] Taking off to 5m...

All 3 Drones Connected, Armed, and Ready. Starting Loop...

[Drone 1 - FLYING] Pos:(5.4, -5.6, -10.0)m -> Target:(-21.7, -24.4, -1.0)m | Cmd Vel:(-5.26, -5.26, 1.31)m/s
[Drone 2 - FLYING] Pos:(2.9, 7.2, -10.0)m -> Target:(-25.7, 22.9, -6.1)m | Cmd Vel:(-5.25, 5.25, 1.31)m/s
[Drone 3 - FLYING] Pos:(-7.8, -1.0, -10.0)m -> Target:(11.7, -15.4, -6.8)m | Cmd Vel:(5.25, -5.25, 1.31)m/s
...
>>> [Drone 3] Reached WP1 at (11.15, -16.18, -6.77)m

*** [Drone 3] GEOFENCE BREACH at (25.35, -2.33, -10.12)m! ***
>>> [Drone 2] Reached WP1 at (-24.30, 22.91, -6.12)m

*** [Drone 2] GEOFENCE BREACH at (-25.08, 22.90, -6.15)m! ***
*** [Drone 1] GEOFENCE BREACH at (-19.60, -24.35, -2.97)m! ***

[Drone 1 - RECOVERING] Pos:(-20.1, -24.4, -3.0)m -> Target:(0.0, 0.0, -10.0)m | Cmd Vel:(5.00, 5.00, -2.00)m/s
[Drone 2 - RECOVERING] Pos:(-16.9, 15.0, -10.8)m -> Target:(0.0, 0.0, -10.0)m | Cmd Vel:(5.00, -5.00, 0.99)m/s
[Drone 3 - RECOVERING] Pos:(10.1, -0.0, -10.0)m -> Target:(0.0, 0.0, -10.0)m | Cmd Vel:(-5.00, 0.01, 0.01)m/s

[WARNING] PROXIMITY ALERT between Drone 1 and 2! Dist: 2.69m
...
>>> [Drone 1] Reached WP4 at (7.27, -0.02, -10.01)m

[Drone 1 - TANGO] Pos:(-5.8, 3.5, -10.0)m -> Cmd Pos:(-7.3, -3.2, -10.0)m
[Drone 2 - TANGO] Pos:(7.1, -3.2, -10.0)m -> Cmd Pos:(7.5, 2.8, -10.0)m
[Drone 3 - TANGO] Pos:(-0.8, 7.8, -10.0)m -> Cmd Pos:(-6.2, 5.1, -10.0)m

*** TRIANGLE TANGO COMPLETE -- SWITCHING TO POSITION HOLD ***

[Drone 1 - HOLDING] Pos:(8.2, -1.0, -10.0)m -> Cmd Pos:(5.4, -5.6, -10.0)m
[Drone 2 - HOLDING] Pos:(-3.2, 7.6, -10.0)m -> Cmd Pos:(2.1, 7.5, -10.0)m
[Drone 3 - HOLDING] Pos:(-5.0, -6.6, -10.0)m -> Cmd Pos:(-7.5, -1.9, -10.0)m